// Jest Snapshot v1, https://goo.gl/fbAQLP

exports[`<Add /> Renders correctly 1`] = `
<div
  className="css-4koet0"
>
  <h1>
    Add
  </h1>
  <form>
    <input
      name="name"
      onChange={[Function]}
      placeholder="name"
      type="text"
      value=""
    />
    <input
      name="password"
      onChange={[Function]}
      placeholder="password"
      type="password"
      value=""
    />
    <input
      onClick={[Function]}
      type="button"
      value="add"
    />
  </form>
</div>
`;
